../Core/Src/main.c:79:5:main	8	static
../Core/Src/main.c:129:6:SystemClock_Config	88	static
../Core/Src/main.c:176:13:MX_SPI1_Init	8	static
../Core/Src/main.c:214:13:MX_SPI2_Init	8	static
../Core/Src/main.c:252:13:MX_TIM1_Init	80	static
../Core/Src/main.c:317:13:MX_TIM2_Init	56	static
../Core/Src/main.c:366:13:MX_TIM3_Init	48	static
../Core/Src/main.c:415:13:MX_TIM4_Init	48	static
../Core/Src/main.c:468:13:MX_USB_PCD_Init	8	static
../Core/Src/main.c:499:13:MX_GPIO_Init	40	static
../Core/Src/main.c:545:6:Error_Handler	4	static,ignoring_inline_asm
