../Core/Src/main.c:81:6:HAL_TIM_PeriodElapsedCallback	16	static
../Core/Src/main.c:89:6:HAL_SPI_TxCpltCallback	16	static
../Core/Src/main.c:98:5:main	16	static
../Core/Src/main.c:159:6:SystemClock_Config	88	static
../Core/Src/main.c:206:13:MX_SPI1_Init	8	static
../Core/Src/main.c:244:13:MX_SPI2_Init	8	static
../Core/Src/main.c:282:13:MX_TIM1_Init	80	static
../Core/Src/main.c:347:13:MX_TIM2_Init	32	static
../Core/Src/main.c:392:13:MX_TIM3_Init	48	static
../Core/Src/main.c:441:13:MX_TIM4_Init	48	static
../Core/Src/main.c:494:13:MX_USB_PCD_Init	8	static
../Core/Src/main.c:523:13:MX_DMA_Init	16	static
../Core/Src/main.c:541:13:MX_GPIO_Init	40	static
../Core/Src/main.c:593:6:Error_Handler	4	static,ignoring_inline_asm
