../Core/Src/main.c:90:6:HAL_TIM_PeriodElapsedCallback	16	static
../Core/Src/main.c:98:6:HAL_SPI_TxCpltCallback	16	static
../Core/Src/main.c:102:6:HAL_GPIO_EXTI_Callback	16	static
../Core/Src/main.c:116:9:station_init	40	static
../Core/Src/main.c:135:6:gui_menu	16	static
../Core/Src/main.c:152:5:main	16	static
../Core/Src/main.c:226:6:SystemClock_Config	88	static
../Core/Src/main.c:273:13:MX_SPI1_Init	8	static
../Core/Src/main.c:311:13:MX_SPI2_Init	8	static
../Core/Src/main.c:349:13:MX_TIM1_Init	80	static
../Core/Src/main.c:414:13:MX_TIM2_Init	32	static
../Core/Src/main.c:459:13:MX_TIM3_Init	48	static
../Core/Src/main.c:508:13:MX_TIM4_Init	48	static
../Core/Src/main.c:561:13:MX_USB_PCD_Init	8	static
../Core/Src/main.c:590:13:MX_DMA_Init	16	static
../Core/Src/main.c:611:13:MX_GPIO_Init	40	static
../Core/Src/main.c:679:6:Error_Handler	4	static,ignoring_inline_asm
